BEGIN
DROP TABLE
CREATE TABLE
DROP TABLE
CREATE TABLE
DROP TABLE
CREATE TABLE
DROP TABLE
CREATE TABLE
DROP TABLE
CREATE TABLE
DROP TABLE
CREATE TABLE
DROP TABLE
CREATE TABLE
DROP TABLE
CREATE TABLE
DROP TABLE
CREATE TABLE
DROP TABLE
CREATE TABLE
COPY 366
COPY 93845
COPY 54
COPY 24
COPY 7146
COPY 1
COPY 253825
COPY 136
COPY 10
COPY 13009
COMMIT
